; /file/set-tui-version "24.1"
(cx-gui-do cx-set-list-tree-selections "NavigationPane*Frame2*Table1*List_Tree2" (list "Setup|Models|Energy (Off)"))
(cx-gui-do cx-list-tree-right-click "NavigationPane*Frame2*Table1*List_Tree2" )
(cx-gui-do cx-activate-item "MenuBar*PopupMenuTree-Energy (Off)*On")
(cx-gui-do cx-set-toggle-button2 "General*Table1*Table3*CheckButton1(Gravity)" #t)
(cx-gui-do cx-activate-item "General*Table1*Table3*CheckButton1(Gravity)")
(cx-gui-do cx-set-expression-entry "General*Table1*Table3*Frame3*Frame1(Gravitational Acceleration)*ExpressionEntry2(Y)" '("-9.81" . 0))
(cx-gui-do cx-activate-item "General*Table1*Table3*Frame3*Frame1(Gravitational Acceleration)*ExpressionEntry2(Y)")
(cx-gui-do cx-set-list-tree-selections "NavigationPane*Frame2*Table1*List_Tree2" (list "Setup|Models|Energy (On)"))
(cx-gui-do cx-set-list-tree-selections "NavigationPane*Frame2*Table1*List_Tree2" (list "Setup|Materials|Fluid"))
(cx-gui-do cx-list-tree-right-click "NavigationPane*Frame2*Table1*List_Tree2" )
(cx-gui-do cx-activate-item "MenuBar*PopupMenuTree-Fluid*New...")
(cx-gui-do cx-activate-item "Create/Edit Materials*Table1*Frame1*Frame2*ButtonBox2*PushButton1(Fluent Database)")
(cx-gui-do cx-set-list-selections "Fluent Database Materials*Table1*Frame1*List1(Materials)" '( 574))
(cx-gui-do cx-activate-item "Fluent Database Materials*Table1*Frame1*List1(Materials)")
(cx-gui-do cx-activate-item "Fluent Database Materials*PanelButtons*PushButton6(Copy)")
(cx-gui-do cx-activate-item "Fluent Database Materials*PanelButtons*PushButton1(Close)")
(cx-gui-do cx-activate-item "Create/Edit Materials*PanelButtons*PushButton1(Close)")
(cx-gui-do cx-set-list-tree-selections "NavigationPane*Frame2*Table1*List_Tree2" (list "Setup|Cell Zone Conditions|Fluid|ns_fluid (fluid, id=6)"))
(cx-gui-do cx-set-list-tree-selections "NavigationPane*Frame2*Table1*List_Tree2" (list "Setup|Cell Zone Conditions|Fluid|ns_fluid (fluid, id=6)"))
(cx-gui-do cx-activate-item "NavigationPane*Frame2*Table1*List_Tree2")
(cx-gui-do cx-set-list-tree-selections "NavigationPane*Frame2*Table1*List_Tree2" (list "Setup|Cell Zone Conditions|Fluid|ns_fluid (fluid, id=6)"))
(cx-gui-do cx-activate-tab-index "Fluid*Frame2*Table3*Frame1" 0)
(cx-gui-do cx-activate-tab-index "Fluid*Frame2*Table3*Frame1" 1)
(cx-gui-do cx-activate-tab-index "Fluid*Frame2*Table3*Frame1" 0)
(cx-gui-do cx-activate-tab-index "Fluid*Frame2*Table3*Frame1" 2)
(cx-gui-do cx-activate-tab-index "Fluid*Frame2*Table3*Frame1" 0)
(cx-gui-do cx-activate-tab-index "Fluid*Frame2*Table3*Frame1" 2)
(cx-gui-do cx-activate-tab-index "Fluid*Frame2*Table3*Frame1" 0)
(cx-gui-do cx-activate-tab-index "Fluid*Frame2*Table3*Frame1" 3)
(cx-gui-do cx-activate-tab-index "Fluid*Frame2*Table3*Frame1" 0)
(cx-gui-do cx-activate-tab-index "Fluid*Frame2*Table3*Frame1" 4)
(cx-gui-do cx-activate-tab-index "Fluid*Frame2*Table3*Frame1" 0)
(cx-gui-do cx-activate-tab-index "Fluid*Frame2*Table3*Frame1" 5)
(cx-gui-do cx-activate-tab-index "Fluid*Frame2*Table3*Frame1" 0)
(cx-gui-do cx-activate-tab-index "Fluid*Frame2*Table3*Frame1" 6)
(cx-gui-do cx-activate-tab-index "Fluid*Frame2*Table3*Frame1" 0)
(cx-gui-do cx-activate-tab-index "Fluid*Frame2*Table3*Frame1" 7)
(cx-gui-do cx-activate-tab-index "Fluid*Frame2*Table3*Frame1" 0)
(cx-gui-do cx-activate-tab-index "Fluid*Frame2*Table3*Frame1" 8)
(cx-gui-do cx-activate-tab-index "Fluid*Frame2*Table3*Frame1" 0)
(cx-gui-do cx-set-list-selections "Fluid*Frame2*Table1*Table1*DropDownList1(Material Name)" '( 0))
(cx-gui-do cx-enable-apply-button "Fluid")
(cx-gui-do cx-activate-item "Fluid*Frame2*Table1*Table1*DropDownList1(Material Name)")
(cx-gui-do cx-activate-item "Fluid*PanelButtons*PushButton1(OK)")
(cx-gui-do cx-activate-item "Fluid*PanelButtons*PushButton2(Cancel)")
(cx-gui-do cx-set-list-tree-selections "NavigationPane*Frame2*Table1*List_Tree2" (list "Setup|Boundary Conditions|Interface"))
(cx-gui-do cx-set-list-tree-selections "NavigationPane*Frame2*Table1*List_Tree2" (list "Setup|Boundary Conditions|Inlet|inlet (velocity-inlet, id=9)"))
(cx-gui-do cx-set-list-tree-selections "NavigationPane*Frame2*Table1*List_Tree2" (list "Setup|Boundary Conditions|Inlet|inlet (velocity-inlet, id=9)"))
(cx-gui-do cx-set-list-tree-selections "NavigationPane*Frame2*Table1*List_Tree2" (list "Setup|Boundary Conditions|Inlet|inlet (velocity-inlet, id=9)"))
(cx-gui-do cx-activate-item "NavigationPane*Frame2*Table1*List_Tree2")
(cx-gui-do cx-set-list-tree-selections "NavigationPane*Frame2*Table1*List_Tree2" (list "Setup|Boundary Conditions|Inlet|inlet (velocity-inlet, id=9)"))
(cx-gui-do cx-activate-tab-index "Velocity Inlet*Frame2*Frame2" 0)
(cx-gui-do cx-activate-tab-index "Velocity Inlet*Frame2*Frame2" 1)
(cx-gui-do cx-activate-tab-index "Velocity Inlet*Frame2*Frame2" 0)
(cx-gui-do cx-activate-tab-index "Velocity Inlet*Frame2*Frame2" 2)
(cx-gui-do cx-activate-tab-index "Velocity Inlet*Frame2*Frame2" 0)
(cx-gui-do cx-activate-tab-index "Velocity Inlet*Frame2*Frame2" 3)
(cx-gui-do cx-activate-tab-index "Velocity Inlet*Frame2*Frame2" 0)
(cx-gui-do cx-activate-tab-index "Velocity Inlet*Frame2*Frame2" 4)
(cx-gui-do cx-activate-tab-index "Velocity Inlet*Frame2*Frame2" 0)
(cx-gui-do cx-activate-tab-index "Velocity Inlet*Frame2*Frame2" 5)
(cx-gui-do cx-activate-tab-index "Velocity Inlet*Frame2*Frame2" 0)
(cx-gui-do cx-activate-tab-index "Velocity Inlet*Frame2*Frame2" 6)
(cx-gui-do cx-activate-tab-index "Velocity Inlet*Frame2*Frame2" 0)
(cx-gui-do cx-activate-tab-index "Velocity Inlet*Frame2*Frame2" 7)
(cx-gui-do cx-activate-tab-index "Velocity Inlet*Frame2*Frame2" 0)
(cx-gui-do cx-activate-tab-index "Velocity Inlet*Frame2*Frame2" 8)
(cx-gui-do cx-activate-tab-index "Velocity Inlet*Frame2*Frame2" 0)
(cx-gui-do cx-enable-apply-button "Velocity Inlet")
(cx-gui-do cx-set-expression-entry "Velocity Inlet*Frame2*Frame2*Frame1(Momentum)*Table1*Table9*ExpressionEntry1(Velocity Magnitude)" '("3.4646" . 0))
(cx-gui-do cx-set-list-selections "Velocity Inlet*Frame2*Frame2*Frame1(Momentum)*Table1*Table5(Turbulence)*DropDownList1(Specification Method)" '( 3))
(cx-gui-do cx-activate-item "Velocity Inlet*Frame2*Frame2*Frame1(Momentum)*Table1*Table5(Turbulence)*DropDownList1(Specification Method)")
(cx-gui-do cx-set-expression-entry "Velocity Inlet*Frame2*Frame2*Frame1(Momentum)*Table1*Table5(Turbulence)*ExpressionEntry11(Hydraulic Diameter)" '("0.0176" . 0))
(cx-gui-do cx-activate-item "Velocity Inlet*PanelButtons*PushButton1(OK)")
(cx-gui-do cx-activate-item "Velocity Inlet*PanelButtons*PushButton2(Cancel)")
(cx-gui-do cx-set-list-tree-selections "NavigationPane*Frame2*Table1*List_Tree2" (list "Setup|Boundary Conditions|Outlet|outlet (pressure-outlet, id=10)"))
(cx-gui-do cx-set-list-tree-selections "NavigationPane*Frame2*Table1*List_Tree2" (list "Setup|Boundary Conditions|Outlet|outlet (pressure-outlet, id=10)"))
(cx-gui-do cx-activate-item "NavigationPane*Frame2*Table1*List_Tree2")
(cx-gui-do cx-set-list-tree-selections "NavigationPane*Frame2*Table1*List_Tree2" (list "Setup|Boundary Conditions|Outlet|outlet (pressure-outlet, id=10)"))
(cx-gui-do cx-activate-tab-index "Pressure Outlet*Frame2*Frame2" 0)
(cx-gui-do cx-activate-tab-index "Pressure Outlet*Frame2*Frame2" 1)
(cx-gui-do cx-activate-tab-index "Pressure Outlet*Frame2*Frame2" 0)
(cx-gui-do cx-activate-tab-index "Pressure Outlet*Frame2*Frame2" 2)
(cx-gui-do cx-activate-tab-index "Pressure Outlet*Frame2*Frame2" 0)
(cx-gui-do cx-activate-tab-index "Pressure Outlet*Frame2*Frame2" 3)
(cx-gui-do cx-activate-tab-index "Pressure Outlet*Frame2*Frame2" 0)
(cx-gui-do cx-activate-tab-index "Pressure Outlet*Frame2*Frame2" 4)
(cx-gui-do cx-activate-tab-index "Pressure Outlet*Frame2*Frame2" 0)
(cx-gui-do cx-activate-tab-index "Pressure Outlet*Frame2*Frame2" 5)
(cx-gui-do cx-activate-tab-index "Pressure Outlet*Frame2*Frame2" 0)
(cx-gui-do cx-activate-tab-index "Pressure Outlet*Frame2*Frame2" 6)
(cx-gui-do cx-activate-tab-index "Pressure Outlet*Frame2*Frame2" 0)
(cx-gui-do cx-activate-tab-index "Pressure Outlet*Frame2*Frame2" 7)
(cx-gui-do cx-activate-tab-index "Pressure Outlet*Frame2*Frame2" 0)
(cx-gui-do cx-activate-tab-index "Pressure Outlet*Frame2*Frame2" 8)
(cx-gui-do cx-activate-tab-index "Pressure Outlet*Frame2*Frame2" 0)
(cx-gui-do cx-set-list-selections "Pressure Outlet*Frame2*Frame2*Frame1(Momentum)*Table1*Table3(Turbulence)*DropDownList1(Specification Method)" '( 3))
(cx-gui-do cx-enable-apply-button "Pressure Outlet")
(cx-gui-do cx-activate-item "Pressure Outlet*Frame2*Frame2*Frame1(Momentum)*Table1*Table3(Turbulence)*DropDownList1(Specification Method)")
(cx-gui-do cx-set-expression-entry "Pressure Outlet*Frame2*Frame2*Frame1(Momentum)*Table1*Table3(Turbulence)*ExpressionEntry11(Backflow Hydraulic Diameter)" '("0.0176" . 0))
(cx-gui-do cx-activate-item "Pressure Outlet*PanelButtons*PushButton1(OK)")
(cx-gui-do cx-activate-item "Pressure Outlet*PanelButtons*PushButton2(Cancel)")
(cx-gui-do cx-set-list-tree-selections "NavigationPane*Frame2*Table1*List_Tree2" (list "Solution|Report Definitions"))
(cx-gui-do cx-list-tree-right-click "NavigationPane*Frame2*Table1*List_Tree2" )
(cx-gui-do cx-activate-item "MenuBar*Volume ReportSubMenu*Max...")
(cx-gui-do cx-set-text-entry "Volume Report Definition*Table1*Table1*TextEntry1(Name)" "heatsink_temp")
(cx-gui-do cx-activate-item "Volume Report Definition*Table1*Table1*TextEntry1(Name)")
(cx-gui-do cx-set-list-selections "Volume Report Definition*Table1*Table2*DropDownList2(Field Variable)" '( 3))
(cx-gui-do cx-activate-item "Volume Report Definition*Table1*Table2*DropDownList2(Field Variable)")
(cx-gui-do cx-set-toggle-button2 "Volume Report Definition*Table1*Table1*CheckButton6(Create Output Parameter)" #t)
(cx-gui-do cx-activate-item "Volume Report Definition*Table1*Table1*CheckButton6(Create Output Parameter)")
(cx-gui-do cx-set-list-selections "Volume Report Definition*Table1*Table2*List6(Cell Zones)" '( 1))
(cx-gui-do cx-activate-item "Volume Report Definition*Table1*Table2*List6(Cell Zones)")
(cx-gui-do cx-activate-item "Volume Report Definition*PanelButtons*PushButton1(OK)")
(cx-gui-do cx-set-list-tree-selections "NavigationPane*Frame2*Table1*List_Tree2" (list "Solution|Report Definitions"))
(cx-gui-do cx-list-tree-right-click "NavigationPane*Frame2*Table1*List_Tree2" )
(cx-gui-do cx-activate-item "MenuBar*Volume ReportSubMenu*Mass-Average...")
(cx-gui-do cx-set-text-entry "Volume Report Definition*Table1*Table1*TextEntry1(Name)" "water_temp")
(cx-gui-do cx-activate-item "Volume Report Definition*Table1*Table1*TextEntry1(Name)")
(cx-gui-do cx-set-list-selections "Volume Report Definition*Table1*Table2*DropDownList2(Field Variable)" '( 3))
(cx-gui-do cx-activate-item "Volume Report Definition*Table1*Table2*DropDownList2(Field Variable)")
(cx-gui-do cx-set-list-selections "Volume Report Definition*Table1*Table2*List6(Cell Zones)" '( 0))
(cx-gui-do cx-activate-item "Volume Report Definition*Table1*Table2*List6(Cell Zones)")
(cx-gui-do cx-activate-item "Volume Report Definition*PanelButtons*PushButton1(OK)")
(cx-gui-do cx-set-list-tree-selections "NavigationPane*Frame2*Table1*List_Tree2" (list "Solution|Report Definitions|water_temp"))
(cx-gui-do cx-set-list-tree-selections "NavigationPane*Frame2*Table1*List_Tree2" (list "Solution|Report Definitions|heatsink_temp"))
(cx-gui-do cx-set-list-tree-selections "NavigationPane*Frame2*Table1*List_Tree2" (list "Solution|Report Definitions|heatsink_temp"))
(cx-gui-do cx-activate-item "NavigationPane*Frame2*Table1*List_Tree2")
(cx-gui-do cx-set-list-tree-selections "NavigationPane*Frame2*Table1*List_Tree2" (list "Solution|Report Definitions|heatsink_temp"))
(cx-gui-do cx-activate-item "Volume Report Definition*PanelButtons*PushButton2(Cancel)")
(cx-gui-do cx-set-list-tree-selections "NavigationPane*Frame2*Table1*List_Tree2" (list "Solution|Report Definitions"))
(cx-gui-do cx-list-tree-right-click "NavigationPane*Frame2*Table1*List_Tree2" )
(cx-gui-do cx-activate-item "MenuBar*Surface ReportSubMenu*Mass-Weighted Average...")
(cx-gui-do cx-set-text-entry "Surface Report Definition*Table1*Table1*TextEntry1(Name)" "outlet_vel")
(cx-gui-do cx-activate-item "Surface Report Definition*Table1*Table1*TextEntry1(Name)")
(cx-gui-do cx-set-list-selections "Surface Report Definition*Table1*Table2*Table6*List1(Surfaces)" '( 4))
(cx-gui-do cx-activate-item "Surface Report Definition*Table1*Table2*Table6*List1(Surfaces)")
(cx-gui-do cx-set-list-selections "Surface Report Definition*Table1*Table2*DropDownList3(Field Variable)" '( 2))
(cx-gui-do cx-activate-item "Surface Report Definition*Table1*Table2*DropDownList3(Field Variable)")
(cx-gui-do cx-activate-item "Surface Report Definition*PanelButtons*PushButton1(OK)")
(cx-gui-do cx-set-integer-entry "Ribbon*Frame1*Frame5(Solution)*Table1*Table3(Run Calculation)*Table6*IntegerEntry16(No  of Iterations)" 150)
(cx-gui-do cx-activate-item "Ribbon*Frame1*Frame5(Solution)*Table1*Table3(Run Calculation)*Table6*IntegerEntry16(No  of Iterations)")
(cx-use-window-id 51)
(cx-gui-do cx-set-list-tree-selections "NavigationPane*Frame2*Table1*List_Tree2" (list "Setup|Boundary Conditions|Wall|heat_in (wall, id=12)"))
(cx-gui-do cx-set-list-tree-selections "NavigationPane*Frame2*Table1*List_Tree2" (list "Setup|Boundary Conditions|Wall|heat_in (wall, id=12)"))
(cx-gui-do cx-activate-item "NavigationPane*Frame2*Table1*List_Tree2")
(cx-gui-do cx-set-list-tree-selections "NavigationPane*Frame2*Table1*List_Tree2" (list "Setup|Boundary Conditions|Wall|heat_in (wall, id=12)"))
(cx-gui-do cx-activate-tab-index "Wall*Frame4" 0)
(cx-gui-do cx-activate-tab-index "Wall*Frame4" 1)
(cx-gui-do cx-activate-tab-index "Wall*Frame4" 0)
(cx-gui-do cx-activate-tab-index "Wall*Frame4" 2)
(cx-gui-do cx-activate-tab-index "Wall*Frame4" 0)
(cx-gui-do cx-activate-tab-index "Wall*Frame4" 3)
(cx-gui-do cx-activate-tab-index "Wall*Frame4" 0)
(cx-gui-do cx-activate-tab-index "Wall*Frame4" 4)
(cx-gui-do cx-activate-tab-index "Wall*Frame4" 0)
(cx-gui-do cx-activate-tab-index "Wall*Frame4" 5)
(cx-gui-do cx-activate-tab-index "Wall*Frame4" 0)
(cx-gui-do cx-activate-tab-index "Wall*Frame4" 6)
(cx-gui-do cx-activate-tab-index "Wall*Frame4" 0)
(cx-gui-do cx-activate-tab-index "Wall*Frame4" 7)
(cx-gui-do cx-activate-tab-index "Wall*Frame4" 0)
(cx-gui-do cx-activate-tab-index "Wall*Frame4" 8)
(cx-gui-do cx-activate-tab-index "Wall*Frame4" 0)
(cx-gui-do cx-activate-tab-index "Wall*Frame4" 9)
(cx-gui-do cx-activate-tab-index "Wall*Frame4" 0)
(cx-gui-do cx-activate-tab-index "Wall*Frame4" 10)
(cx-gui-do cx-activate-tab-index "Wall*Frame4" 0)
(cx-gui-do cx-activate-tab-index "Wall*Frame4*Frame8(Wall Film)*Frame1*Frame2" 0)
(cx-gui-do cx-activate-tab-index "Wall*Frame4*Frame8(Wall Film)*Frame1*Frame2" 1)
(cx-gui-do cx-activate-tab-index "Wall*Frame4*Frame8(Wall Film)*Frame1*Frame2" 0)
(cx-gui-do cx-activate-tab-index "Wall*Frame4*Frame8(Wall Film)*Frame1*Frame2" 2)
(cx-gui-do cx-activate-tab-index "Wall*Frame4*Frame8(Wall Film)*Frame1*Frame2" 0)
(cx-gui-do cx-activate-tab-index "Wall*Frame4*Frame8(Wall Film)*Frame1*Frame2" 3)
(cx-gui-do cx-activate-tab-index "Wall*Frame4*Frame8(Wall Film)*Frame1*Frame2" 0)
(cx-gui-do cx-activate-tab-index "Wall*Frame4*Frame8(Wall Film)*Frame1*Frame2" 4)
(cx-gui-do cx-activate-tab-index "Wall*Frame4*Frame8(Wall Film)*Frame1*Frame2" 0)
(cx-gui-do cx-activate-tab-index "Wall*Frame4*Frame8(Wall Film)*Frame1*Frame2" 5)
(cx-gui-do cx-activate-tab-index "Wall*Frame4*Frame8(Wall Film)*Frame1*Frame2" 0)
(cx-gui-do cx-activate-tab-index "Wall*Frame4" 1)
(cx-gui-do cx-set-expression-entry "Wall*Frame4*Frame2(Thermal)*Frame1*Frame1(Thermal Conditions)*Table3*Table1*Table8*ExpressionEntry1(Heat Generation Rate)" '("0" . 0))
(cx-gui-do cx-enable-apply-button "Wall")
(cx-gui-do cx-set-expression-entry "Wall*Frame4*Frame2(Thermal)*Frame1*Frame1(Thermal Conditions)*Table3*Table1*Table2*ExpressionEntry1(Heat Flux)" '("3395586" . 0))
(cx-gui-do cx-activate-item "Wall*PanelButtons*PushButton1(OK)")
(cx-gui-do cx-activate-item "Wall*PanelButtons*PushButton2(Cancel)")
; (cx-gui-do cx-activate-item "MenuBar*WriteSubMenu*Stop Journal")
